/home/users/devminion/minion.dev/web/_dev/packages/nelson/resizer/tests/test.png